// Jest Snapshot v1, https://goo.gl/fbAQLP

exports[`App component renders App 1`] = `
<BrowserRouter>
  <Switch>
    <Route
      component={[Function]}
      exact={true}
      path="/lyrics/:artist/:title"
    />
    <Route
      component={[Function]}
      exact={true}
      path="/releases/:artist/:releaseTitle/:releaseId/:imageBool"
    />
    <Route
      component={[Function]}
      exact={true}
      path="/artists/:artist/:artistId"
    />
  </Switch>
</BrowserRouter>
`;
