// Jest Snapshot v1, https://goo.gl/fbAQLP

exports[`Artist component renders Artist 1`] = `
<Fragment>
  <h1 />
  <WithList(ReleaseItem)
    list={Array []}
  />
</Fragment>
`;
