// Jest Snapshot v1, https://goo.gl/fbAQLP

exports[`Release component renders Release 1`] = `
<Fragment>
  <h2>
    test
  </h2>
  <img
    alt="test"
    src="/placeholder.png"
  />
  <WithList(Song)
    list={Array []}
  />
</Fragment>
`;
